\! sh sql/pg_rewind.sh --local
              d              
-----------------------------
 in master
 in master, before promotion
 in standby, after promotion
(3 rows)

